ls: bongo: No such file or directory
